Archive member included to satisfy reference by file (symbol)

c:/ac6/systemworkbench/plugins/fr.ac6.mcu.externaltools.arm-none.win32_1.7.0.201602121829/tools/compiler/bin/../lib/gcc/arm-none-eabi/5.2.1/armv7e-m/fpu\libgcc.a(_arm_addsubdf3.o)
                              src/tm_stm32f4_timer_properties.o (__aeabi_ui2d)
c:/ac6/systemworkbench/plugins/fr.ac6.mcu.externaltools.arm-none.win32_1.7.0.201602121829/tools/compiler/bin/../lib/gcc/arm-none-eabi/5.2.1/armv7e-m/fpu\libgcc.a(_arm_muldivdf3.o)
                              src/tm_stm32f4_timer_properties.o (__aeabi_ddiv)
c:/ac6/systemworkbench/plugins/fr.ac6.mcu.externaltools.arm-none.win32_1.7.0.201602121829/tools/compiler/bin/../lib/gcc/arm-none-eabi/5.2.1/armv7e-m/fpu\libgcc.a(_arm_cmpdf2.o)
                              src/tm_stm32f4_timer_properties.o (__aeabi_dcmpeq)
c:/ac6/systemworkbench/plugins/fr.ac6.mcu.externaltools.arm-none.win32_1.7.0.201602121829/tools/compiler/bin/../lib/gcc/arm-none-eabi/5.2.1/armv7e-m/fpu\libgcc.a(_arm_fixunsdfsi.o)
                              src/tm_stm32f4_timer_properties.o (__aeabi_d2uiz)
c:/ac6/systemworkbench/plugins/fr.ac6.mcu.externaltools.arm-none.win32_1.7.0.201602121829/tools/compiler/bin/../lib/gcc/arm-none-eabi/5.2.1/../../../../arm-none-eabi/lib/armv7e-m/fpu\libc.a(lib_a-errno.o)
                              src/syscalls.o (__errno)
c:/ac6/systemworkbench/plugins/fr.ac6.mcu.externaltools.arm-none.win32_1.7.0.201602121829/tools/compiler/bin/../lib/gcc/arm-none-eabi/5.2.1/../../../../arm-none-eabi/lib/armv7e-m/fpu\libc.a(lib_a-exit.o)
                              c:/ac6/systemworkbench/plugins/fr.ac6.mcu.externaltools.arm-none.win32_1.7.0.201602121829/tools/compiler/bin/../lib/gcc/arm-none-eabi/5.2.1/../../../../arm-none-eabi/lib/armv7e-m/fpu/crt0.o (exit)
c:/ac6/systemworkbench/plugins/fr.ac6.mcu.externaltools.arm-none.win32_1.7.0.201602121829/tools/compiler/bin/../lib/gcc/arm-none-eabi/5.2.1/../../../../arm-none-eabi/lib/armv7e-m/fpu\libc.a(lib_a-impure.o)
                              c:/ac6/systemworkbench/plugins/fr.ac6.mcu.externaltools.arm-none.win32_1.7.0.201602121829/tools/compiler/bin/../lib/gcc/arm-none-eabi/5.2.1/../../../../arm-none-eabi/lib/armv7e-m/fpu\libc.a(lib_a-exit.o) (_global_impure_ptr)
c:/ac6/systemworkbench/plugins/fr.ac6.mcu.externaltools.arm-none.win32_1.7.0.201602121829/tools/compiler/bin/../lib/gcc/arm-none-eabi/5.2.1/../../../../arm-none-eabi/lib/armv7e-m/fpu\libc.a(lib_a-init.o)
                              c:/ac6/systemworkbench/plugins/fr.ac6.mcu.externaltools.arm-none.win32_1.7.0.201602121829/tools/compiler/bin/../lib/gcc/arm-none-eabi/5.2.1/../../../../arm-none-eabi/lib/armv7e-m/fpu/crt0.o (__libc_init_array)
c:/ac6/systemworkbench/plugins/fr.ac6.mcu.externaltools.arm-none.win32_1.7.0.201602121829/tools/compiler/bin/../lib/gcc/arm-none-eabi/5.2.1/../../../../arm-none-eabi/lib/armv7e-m/fpu\libc.a(lib_a-malloc.o)
                              src/tm_stm32f4_delay.o (malloc)
c:/ac6/systemworkbench/plugins/fr.ac6.mcu.externaltools.arm-none.win32_1.7.0.201602121829/tools/compiler/bin/../lib/gcc/arm-none-eabi/5.2.1/../../../../arm-none-eabi/lib/armv7e-m/fpu\libc.a(lib_a-mallocr.o)
                              c:/ac6/systemworkbench/plugins/fr.ac6.mcu.externaltools.arm-none.win32_1.7.0.201602121829/tools/compiler/bin/../lib/gcc/arm-none-eabi/5.2.1/../../../../arm-none-eabi/lib/armv7e-m/fpu\libc.a(lib_a-malloc.o) (_malloc_r)
c:/ac6/systemworkbench/plugins/fr.ac6.mcu.externaltools.arm-none.win32_1.7.0.201602121829/tools/compiler/bin/../lib/gcc/arm-none-eabi/5.2.1/../../../../arm-none-eabi/lib/armv7e-m/fpu\libc.a(lib_a-memset.o)
                              c:/ac6/systemworkbench/plugins/fr.ac6.mcu.externaltools.arm-none.win32_1.7.0.201602121829/tools/compiler/bin/../lib/gcc/arm-none-eabi/5.2.1/../../../../arm-none-eabi/lib/armv7e-m/fpu/crt0.o (memset)
c:/ac6/systemworkbench/plugins/fr.ac6.mcu.externaltools.arm-none.win32_1.7.0.201602121829/tools/compiler/bin/../lib/gcc/arm-none-eabi/5.2.1/../../../../arm-none-eabi/lib/armv7e-m/fpu\libc.a(lib_a-mlock.o)
                              c:/ac6/systemworkbench/plugins/fr.ac6.mcu.externaltools.arm-none.win32_1.7.0.201602121829/tools/compiler/bin/../lib/gcc/arm-none-eabi/5.2.1/../../../../arm-none-eabi/lib/armv7e-m/fpu\libc.a(lib_a-mallocr.o) (__malloc_lock)
c:/ac6/systemworkbench/plugins/fr.ac6.mcu.externaltools.arm-none.win32_1.7.0.201602121829/tools/compiler/bin/../lib/gcc/arm-none-eabi/5.2.1/../../../../arm-none-eabi/lib/armv7e-m/fpu\libc.a(lib_a-sbrkr.o)
                              c:/ac6/systemworkbench/plugins/fr.ac6.mcu.externaltools.arm-none.win32_1.7.0.201602121829/tools/compiler/bin/../lib/gcc/arm-none-eabi/5.2.1/../../../../arm-none-eabi/lib/armv7e-m/fpu\libc.a(lib_a-mallocr.o) (_sbrk_r)
c:/ac6/systemworkbench/plugins/fr.ac6.mcu.externaltools.arm-none.win32_1.7.0.201602121829/tools/compiler/bin/../lib/gcc/arm-none-eabi/5.2.1/../../../../arm-none-eabi/lib/armv7e-m/fpu\libc.a(lib_a-__call_atexit.o)
[...]
Memory Configuration

Name             Origin             Length             Attributes
RAM              0x20000000         0x00020000         xrw
ROM              0x08000000         0x00080000         xr
*default*        0x00000000         0xffffffff

Linker script and memory map

LOAD c:/ac6/systemworkbench/plugins/fr.ac6.mcu.externaltools.arm-none.win32_1.7.0.201602121829/tools/compiler/bin/../lib/gcc/arm-none-eabi/5.2.1/armv7e-m/fpu/crti.o
LOAD c:/ac6/systemworkbench/plugins/fr.ac6.mcu.externaltools.arm-none.win32_1.7.0.201602121829/tools/compiler/bin/../lib/gcc/arm-none-eabi/5.2.1/armv7e-m/fpu/crtbegin.o
LOAD c:/ac6/systemworkbench/plugins/fr.ac6.mcu.externaltools.arm-none.win32_1.7.0.201602121829/tools/compiler/bin/../lib/gcc/arm-none-eabi/5.2.1/../../../../arm-none-eabi/lib/armv7e-m/fpu/crt0.o
LOAD c:/ac6/systemworkbench/plugins/fr.ac6.mcu.externaltools.arm-none.win32_1.7.0.201602121829/tools/compiler/bin/../lib/gcc/arm-none-eabi/5.2.1/../../../../arm-none-eabi/lib/armv7e-m/fpu\libm.a
LOAD StdPeriph_Driver/src/misc.o
LOAD StdPeriph_Driver/src/stm32f4xx_adc.o
LOAD StdPeriph_Driver/src/stm32f4xx_can.o
LOAD StdPeriph_Driver/src/stm32f4xx_cec.o
LOAD StdPeriph_Driver/src/stm32f4xx_crc.o
LOAD StdPeriph_Driver/src/stm32f4xx_cryp.o
LOAD StdPeriph_Driver/src/stm32f4xx_cryp_aes.o
LOAD StdPeriph_Driver/src/stm32f4xx_cryp_des.o
LOAD StdPeriph_Driver/src/stm32f4xx_cryp_tdes.o
LOAD StdPeriph_Driver/src/stm32f4xx_dac.o
LOAD StdPeriph_Driver/src/stm32f4xx_dbgmcu.o
LOAD StdPeriph_Driver/src/stm32f4xx_dcmi.o
LOAD StdPeriph_Driver/src/stm32f4xx_dma.o
LOAD StdPeriph_Driver/src/stm32f4xx_dma2d.o
LOAD StdPeriph_Driver/src/stm32f4xx_dsi.o
LOAD StdPeriph_Driver/src/stm32f4xx_exti.o
LOAD StdPeriph_Driver/src/stm32f4xx_flash.o
LOAD StdPeriph_Driver/src/stm32f4xx_flash_ramfunc.o
LOAD StdPeriph_Driver/src/stm32f4xx_fmc.o
LOAD StdPeriph_Driver/src/stm32f4xx_fmip2c.o
LOAD StdPeriph_Driver/src/stm32f4xx_fsmc.o
LOAD StdPeriph_Driver/src/stm32f4xx_gpio.o
LOAD StdPeriph_Driver/src/stm32f4xx_hash.o
LOAD StdPeriph_Driver/src/stm32f4xx_hash_md5.o
LOAD StdPeriph_Driver/src/stm32f4xx_hash_sha1.o
LOAD StdPeriph_Driver/src/stm32f4xx_i2c.o
LOAD StdPeriph_Driver/src/stm32f4xx_iwdg.o
LOAD StdPeriph_Driver/src/stm32f4xx_lptim.o
LOAD StdPeriph_Driver/src/stm32f4xx_ltdc.o
LOAD StdPeriph_Driver/src/stm32f4xx_pwr.o
LOAD StdPeriph_Driver/src/stm32f4xx_qspi.o
LOAD StdPeriph_Driver/src/stm32f4xx_rcc.o
LOAD StdPeriph_Driver/src/stm32f4xx_rng.o
LOAD StdPeriph_Driver/src/stm32f4xx_rtc.o
LOAD StdPeriph_Driver/src/stm32f4xx_sai.o
LOAD StdPeriph_Driver/src/stm32f4xx_sdio.o
LOAD StdPeriph_Driver/src/stm32f4xx_spdifrx.o
LOAD StdPeriph_Driver/src/stm32f4xx_spi.o
LOAD StdPeriph_Driver/src/stm32f4xx_syscfg.o
LOAD StdPeriph_Driver/src/stm32f4xx_tim.o
LOAD StdPeriph_Driver/src/stm32f4xx_usart.o
LOAD StdPeriph_Driver/src/stm32f4xx_wwdg.o
LOAD src/MAX11043.o
LOAD src/main.o
LOAD src/syscalls.o
LOAD src/system_stm32f4xx.o
LOAD src/tm_stm32f4_delay.o
LOAD src/tm_stm32f4_gpio.o
LOAD src/tm_stm32f4_mco_output.o
LOAD src/tm_stm32f4_spi.o
LOAD src/tm_stm32f4_timer_properties.o
LOAD startup/startup_stm32.o
START GROUP
LOAD c:/ac6/systemworkbench/plugins/fr.ac6.mcu.externaltools.arm-none.win32_1.7.0.201602121829/tools/compiler/bin/../lib/gcc/arm-none-eabi/5.2.1/armv7e-m/fpu\libgcc.a
LOAD c:/ac6/systemworkbench/plugins/fr.ac6.mcu.externaltools.arm-none.win32_1.7.0.201602121829/tools/compiler/bin/../lib/gcc/arm-none-eabi/5.2.1/../../../../arm-none-eabi/lib/armv7e-m/fpu\libc.a
END GROUP
LOAD c:/ac6/systemworkbench/plugins/fr.ac6.mcu.externaltools.arm-none.win32_1.7.0.201602121829/tools/compiler/bin/../lib/gcc/arm-none-eabi/5.2.1/armv7e-m/fpu/crtend.o
LOAD c:/ac6/systemworkbench/plugins/fr.ac6.mcu.externaltools.arm-none.win32_1.7.0.201602121829/tools/compiler/bin/../lib/gcc/arm-none-eabi/5.2.1/armv7e-m/fpu/crtn.o
                0x20020000                _estack = 0x20020000
                0x00000000                _Min_Heap_Size = 0x0
                0x00000400                _Min_Stack_Size = 0x400

.isr_vector     0x08000000      0x188
                0x08000000                . = ALIGN (0x4)
 *(.isr_vector)
 .isr_vector    0x08000000      0x188 startup/startup_stm32.o
                0x08000000                g_pfnVectors
                0x08000188                . = ALIGN (0x4)

.text           0x08000188     0x1880
                0x08000188                . = ALIGN (0x4)
 *(.text)
 .text          0x08000188       0xa4 c:/ac6/systemworkbench/plugins/fr.ac6.mcu.externaltools.arm-none.win32_1.7.0.201602121829/tools/compiler/bin/../lib/gcc/arm-none-eabi/5.2.1/armv7e-m/fpu/crtbegin.o
 *(.text*)
 .text.RCC_MCO2Config
                0x0800022c       0x40 StdPeriph_Driver/src/stm32f4xx_rcc.o
                0x0800022c                RCC_MCO2Config
 .text.SPI_Init
                0x0800026c       0x88 StdPeriph_Driver/src/stm32f4xx_spi.o
                0x0800026c                SPI_Init
 .text.SPI_StructInit
                0x080002f4       0x4c StdPeriph_Driver/src/stm32f4xx_spi.o
                0x080002f4                SPI_StructInit
 .text.TM_SPI_Send
                0x08000340       0x7c src/main.o
 .text.main     0x080003bc       0xa4 src/main.o
                0x080003bc                main
 .text._sbrk    0x08000460       0x6c src/syscalls.o
                0x08000460                _sbrk
 .text.SystemInit
                0x080004cc       0x6c src/system_stm32f4xx.o
                0x080004cc                SystemInit
 .text.NVIC_SetPriority
                0x08000538       0x54 src/tm_stm32f4_delay.o
 .text.SysTick_Config
                0x0800058c       0x44 src/tm_stm32f4_delay.o
 .text.SysTick_Handler
                0x080005d0       0xf0 src/tm_stm32f4_delay.o
                0x080005d0                SysTick_Handler
 .text.TM_DELAY_Init
                0x080006c0       0x50 src/tm_stm32f4_delay.o
                0x080006c0                TM_DELAY_Init
 .text.TM_GPIO_Init
                0x08000710       0x48 src/tm_stm32f4_gpio.o
                0x08000710                TM_GPIO_Init
 .text.TM_GPIO_InitAlternate
                0x08000758       0xa8 src/tm_stm32f4_gpio.o
                0x08000758                TM_GPIO_InitAlternate
 .text.TM_GPIO_GetPortSource
                0x08000800       0x24 src/tm_stm32f4_gpio.o
                0x08000800                TM_GPIO_GetPortSource
 .text.TM_GPIO_INT_EnableClock
                0x08000824       0x30 src/tm_stm32f4_gpio.o
                0x08000824                TM_GPIO_INT_EnableClock
 .text.TM_GPIO_INT_Init
                0x08000854      0x110 src/tm_stm32f4_gpio.o
                0x08000854                TM_GPIO_INT_Init
 .text.TM_MCOOUTPUT_InitMCO2
                0x08000964       0x28 src/tm_stm32f4_mco_output.o
                0x08000964                TM_MCOOUTPUT_InitMCO2
 .text.TM_MCOOUTPUT_SetOutput2
                0x0800098c       0xa4 src/tm_stm32f4_mco_output.o
                0x0800098c                TM_MCOOUTPUT_SetOutput2
 .text.TM_SPI_InitFull
                0x08000a30       0xf0 src/tm_stm32f4_spi.o
                0x08000a30                TM_SPI_InitFull
 .text.TM_SPI_SetDataSize
                0x08000b20       0x78 src/tm_stm32f4_spi.o
                0x08000b20                TM_SPI_SetDataSize
 .text.TM_SPI_ReadMulti
                0x08000b98       0x94 src/tm_stm32f4_spi.o
                0x08000b98                TM_SPI_ReadMulti
 .text.TM_SPI_InitCustomPinsCallback
                0x08000c2c       0x18 src/tm_stm32f4_spi.o
                0x08000c2c                TM_SPI_InitCustomPinsCallback
 .text.TM_SPIx_Init
                0x08000c44      0x188 src/tm_stm32f4_spi.o
 .text.TM_SPI1_INT_InitPins
                0x08000dcc       0x60 src/tm_stm32f4_spi.o
                0x08000dcc                TM_SPI1_INT_InitPins
 .text.TM_SPI2_INT_InitPins
                0x08000e2c       0x98 src/tm_stm32f4_spi.o
                0x08000e2c                TM_SPI2_INT_InitPins
 .text.TM_SPI3_INT_InitPins
                0x08000ec4       0x64 src/tm_stm32f4_spi.o
                0x08000ec4                TM_SPI3_INT_InitPins
 .text.TM_SPI4_INT_InitPins
                0x08000f28       0x60 src/tm_stm32f4_spi.o
                0x08000f28                TM_SPI4_INT_InitPins
 .text.TM_SPI5_INT_InitPins
                0x08000f88       0x78 src/tm_stm32f4_spi.o
                0x08000f88                TM_SPI5_INT_InitPins
 .text.TM_SPI6_INT_InitPins
                0x08001000       0x44 src/tm_stm32f4_spi.o
                0x08001000                TM_SPI6_INT_InitPins
 .text.Reset_Handler
                0x08001044       0x48 startup/startup_stm32.o
                0x08001044                Reset_Handler
 .text.Default_Handler
                0x0800108c        0x2 startup/startup_stm32.o
                0x0800108c                DebugMon_Handler
                0x0800108c                HardFault_Handler
                0x0800108c                PendSV_Handler
                0x0800108c                NMI_Handler
                0x0800108c                UsageFault_Handler
                0x0800108c                Default_Handler
                0x0800108c                MemManage_Handler
                0x0800108c                SVC_Handler
                0x0800108c                BusFault_Handler
 *fill*         0x0800108e        0x2 
 .text.__errno  0x08001090        0xc c:/ac6/systemworkbench/plugins/fr.ac6.mcu.externaltools.arm-none.win32_1.7.0.201602121829/tools/compiler/bin/../lib/gcc/arm-none-eabi/5.2.1/../../../../arm-none-eabi/lib/armv7e-m/fpu\libc.a(lib_a-errno.o)
                0x08001090                __errno
 .text.__libc_init_array
                0x0800109c       0x50 c:/ac6/systemworkbench/plugins/fr.ac6.mcu.externaltools.arm-none.win32_1.7.0.201602121829/tools/compiler/bin/../lib/gcc/arm-none-eabi/5.2.1/../../../../arm-none-eabi/lib/armv7e-m/fpu\libc.a(lib_a-init.o)
                0x0800109c                __libc_init_array
 .text.malloc   0x080010ec       0x10 c:/ac6/systemworkbench/plugins/fr.ac6.mcu.externaltools.arm-none.win32_1.7.0.201602121829/tools/compiler/bin/../lib/gcc/arm-none-eabi/5.2.1/../../../../arm-none-eabi/lib/armv7e-m/fpu\libc.a(lib_a-malloc.o)
                0x080010ec                malloc
 .text._malloc_r
                0x080010fc      0x570 c:/ac6/systemworkbench/plugins/fr.ac6.mcu.externaltools.arm-none.win32_1.7.0.201602121829/tools/compiler/bin/../lib/gcc/arm-none-eabi/5.2.1/../../../../arm-none-eabi/lib/armv7e-m/fpu\libc.a(lib_a-mallocr.o)
                0x080010fc                _malloc_r
 .text.__malloc_lock
                0x0800166c        0x4 c:/ac6/systemworkbench/plugins/fr.ac6.mcu.externaltools.arm-none.win32_1.7.0.201602121829/tools/compiler/bin/../lib/gcc/arm-none-eabi/5.2.1/../../../../arm-none-eabi/lib/armv7e-m/fpu\libc.a(lib_a-mlock.o)
                0x0800166c                __malloc_lock
 .text.__malloc_unlock
                0x08001670        0x4 c:/ac6/systemworkbench/plugins/fr.ac6.mcu.externaltools.arm-none.win32_1.7.0.201602121829/tools/compiler/bin/../lib/gcc/arm-none-eabi/5.2.1/../../../../arm-none-eabi/lib/armv7e-m/fpu\libc.a(lib_a-mlock.o)
                0x08001670                __malloc_unlock
 .text._sbrk_r  0x08001674       0x24 c:/ac6/systemworkbench/plugins/fr.ac6.mcu.externaltools.arm-none.win32_1.7.0.201602121829/tools/compiler/bin/../lib/gcc/arm-none-eabi/5.2.1/../../../../arm-none-eabi/lib/armv7e-m/fpu\libc.a(lib_a-sbrkr.o)
                0x08001674                _sbrk_r
 .text.startup.register_fini
                0x08001698       0x14 c:/ac6/systemworkbench/plugins/fr.ac6.mcu.externaltools.arm-none.win32_1.7.0.201602121829/tools/compiler/bin/../lib/gcc/arm-none-eabi/5.2.1/../../../../arm-none-eabi/lib/armv7e-m/fpu\libc.a(lib_a-__call_atexit.o)
 .text.atexit   0x080016ac        0xc c:/ac6/systemworkbench/plugins/fr.ac6.mcu.externaltools.arm-none.win32_1.7.0.201602121829/tools/compiler/bin/../lib/gcc/arm-none-eabi/5.2.1/../../../../arm-none-eabi/lib/armv7e-m/fpu\libc.a(lib_a-atexit.o)
                0x080016ac                atexit
 .text.__libc_fini_array
                0x080016b8       0x28 c:/ac6/systemworkbench/plugins/fr.ac6.mcu.externaltools.arm-none.win32_1.7.0.201602121829/tools/compiler/bin/../lib/gcc/arm-none-eabi/5.2.1/../../../../arm-none-eabi/lib/armv7e-m/fpu\libc.a(lib_a-fini.o)
                0x080016b8                __libc_fini_array
 .text._malloc_trim_r
                0x080016e0       0x9c c:/ac6/systemworkbench/plugins/fr.ac6.mcu.externaltools.arm-none.win32_1.7.0.201602121829/tools/compiler/bin/../lib/gcc/arm-none-eabi/5.2.1/../../../../arm-none-eabi/lib/armv7e-m/fpu\libc.a(lib_a-freer.o)
                0x080016e0                _malloc_trim_r
 .text._free_r  0x0800177c      0x1d0 c:/ac6/systemworkbench/plugins/fr.ac6.mcu.externaltools.arm-none.win32_1.7.0.201602121829/tools/compiler/bin/../lib/gcc/arm-none-eabi/5.2.1/../../../../arm-none-eabi/lib/armv7e-m/fpu\libc.a(lib_a-freer.o)
                0x0800177c                _free_r
 .text.__register_exitproc
                0x0800194c       0xa4 c:/ac6/systemworkbench/plugins/fr.ac6.mcu.externaltools.arm-none.win32_1.7.0.201602121829/tools/compiler/bin/../lib/gcc/arm-none-eabi/5.2.1/../../../../arm-none-eabi/lib/armv7e-m/fpu\libc.a(lib_a-__atexit.o)
                0x0800194c                __register_exitproc
 *(.glue_7)
 .glue_7        0x080019f0        0x0 linker stubs
 *(.glue_7t)
 .glue_7t       0x080019f0        0x0 linker stubs
 *(.eh_frame)
 .eh_frame      0x080019f0        0x0 c:/ac6/systemworkbench/plugins/fr.ac6.mcu.externaltools.arm-none.win32_1.7.0.201602121829/tools/compiler/bin/../lib/gcc/arm-none-eabi/5.2.1/armv7e-m/fpu/crtbegin.o
 *(.init)
 .init          0x080019f0        0x4 c:/ac6/systemworkbench/plugins/fr.ac6.mcu.externaltools.arm-none.win32_1.7.0.201602121829/tools/compiler/bin/../lib/gcc/arm-none-eabi/5.2.1/armv7e-m/fpu/crti.o
                0x080019f0                _init
 .init          0x080019f4        0x8 c:/ac6/systemworkbench/plugins/fr.ac6.mcu.externaltools.arm-none.win32_1.7.0.201602121829/tools/compiler/bin/../lib/gcc/arm-none-eabi/5.2.1/armv7e-m/fpu/crtn.o
 *(.fini)
 .fini          0x080019fc        0x4 c:/ac6/systemworkbench/plugins/fr.ac6.mcu.externaltools.arm-none.win32_1.7.0.201602121829/tools/compiler/bin/../lib/gcc/arm-none-eabi/5.2.1/armv7e-m/fpu/crti.o
                0x080019fc                _fini
 .fini          0x08001a00        0x8 c:/ac6/systemworkbench/plugins/fr.ac6.mcu.externaltools.arm-none.win32_1.7.0.201602121829/tools/compiler/bin/../lib/gcc/arm-none-eabi/5.2.1/armv7e-m/fpu/crtn.o
                0x08001a08                . = ALIGN (0x4)
                0x08001a08                _etext = .

.vfp11_veneer   0x08001a08        0x0
 .vfp11_veneer  0x08001a08        0x0 linker stubs

.v4_bx          0x08001a08        0x0
 .v4_bx         0x08001a08        0x0 linker stubs

.iplt           0x08001a08        0x0
 .iplt          0x08001a08        0x0 c:/ac6/systemworkbench/plugins/fr.ac6.mcu.externaltools.arm-none.win32_1.7.0.201602121829/tools/compiler/bin/../lib/gcc/arm-none-eabi/5.2.1/armv7e-m/fpu/crtbegin.o

.rodata         0x08001a08        0x8
                0x08001a08                . = ALIGN (0x4)
 *(.rodata)
 *(.rodata*)
 .rodata.str1.4
                0x08001a08        0x4 c:/ac6/systemworkbench/plugins/fr.ac6.mcu.externaltools.arm-none.win32_1.7.0.201602121829/tools/compiler/bin/../lib/gcc/arm-none-eabi/5.2.1/../../../../arm-none-eabi/lib/armv7e-m/fpu\libc.a(lib_a-impure.o)
                                  0x2 (size before relaxing)
 .rodata._global_impure_ptr
                0x08001a0c        0x4 c:/ac6/systemworkbench/plugins/fr.ac6.mcu.externaltools.arm-none.win32_1.7.0.201602121829/tools/compiler/bin/../lib/gcc/arm-none-eabi/5.2.1/../../../../arm-none-eabi/lib/armv7e-m/fpu\libc.a(lib_a-impure.o)
                0x08001a0c                _global_impure_ptr
                0x08001a10                . = ALIGN (0x4)

.rel.dyn        0x08001a10        0x0
 .rel.iplt      0x08001a10        0x0 c:/ac6/systemworkbench/plugins/fr.ac6.mcu.externaltools.arm-none.win32_1.7.0.201602121829/tools/compiler/bin/../lib/gcc/arm-none-eabi/5.2.1/armv7e-m/fpu/crtbegin.o

.ARM.extab      0x08001a10        0x0
                0x08001a10                . = ALIGN (0x4)
 *(.ARM.extab* .gnu.linkonce.armextab.*)
                0x08001a10                . = ALIGN (0x4)

.ARM            0x08001a10        0x0
                0x08001a10                . = ALIGN (0x4)
                0x08001a10                __exidx_start = .
 *(.ARM.exidx*)
                0x08001a10                __exidx_end = .
                0x08001a10                . = ALIGN (0x4)

.preinit_array  0x08001a10        0x0
                0x08001a10                . = ALIGN (0x4)
                0x08001a10                PROVIDE (__preinit_array_start, .)
 *(.preinit_array*)
                0x08001a10                PROVIDE (__preinit_array_end, .)
                0x08001a10                . = ALIGN (0x4)

.init_array     0x08001a10        0x8
                0x08001a10                . = ALIGN (0x4)
                0x08001a10                PROVIDE (__init_array_start, .)
 *(SORT(.init_array.*))
 .init_array.00000
                0x08001a10        0x4 c:/ac6/systemworkbench/plugins/fr.ac6.mcu.externaltools.arm-none.win32_1.7.0.201602121829/tools/compiler/bin/../lib/gcc/arm-none-eabi/5.2.1/../../../../arm-none-eabi/lib/armv7e-m/fpu\libc.a(lib_a-__call_atexit.o)
 *(.init_array*)
 .init_array    0x08001a14        0x4 c:/ac6/systemworkbench/plugins/fr.ac6.mcu.externaltools.arm-none.win32_1.7.0.201602121829/tools/compiler/bin/../lib/gcc/arm-none-eabi/5.2.1/armv7e-m/fpu/crtbegin.o
                0x08001a18                PROVIDE (__init_array_end, .)
                0x08001a18                . = ALIGN (0x4)

.fini_array     0x08001a18        0x4
                0x08001a18                . = ALIGN (0x4)
                0x08001a18                PROVIDE (__fini_array_start, .)
 *(SORT(.fini_array.*))
 *(.fini_array*)
 .fini_array    0x08001a18        0x4 c:/ac6/systemworkbench/plugins/fr.ac6.mcu.externaltools.arm-none.win32_1.7.0.201602121829/tools/compiler/bin/../lib/gcc/arm-none-eabi/5.2.1/armv7e-m/fpu/crtbegin.o
                0x08001a1c                PROVIDE (__fini_array_end, .)
                0x08001a1c                . = ALIGN (0x4)
                0x08001a1c                _sidata = LOADADDR (.data)

.data           0x20000000      0x844 load address 0x08001a1c
                0x20000000                . = ALIGN (0x4)
                0x20000000                _sdata = .
 *(.data)
 .data          0x20000000        0x4 src/system_stm32f4xx.o
                0x20000000                SystemCoreClock
 *(.data*)
 *fill*         0x20000004        0x4 
 .data.impure_data
                0x20000008      0x428 c:/ac6/systemworkbench/plugins/fr.ac6.mcu.externaltools.arm-none.win32_1.7.0.201602121829/tools/compiler/bin/../lib/gcc/arm-none-eabi/5.2.1/../../../../arm-none-eabi/lib/armv7e-m/fpu\libc.a(lib_a-impure.o)
 .data._impure_ptr
                0x20000430        0x4 c:/ac6/systemworkbench/plugins/fr.ac6.mcu.externaltools.arm-none.win32_1.7.0.201602121829/tools/compiler/bin/../lib/gcc/arm-none-eabi/5.2.1/../../../../arm-none-eabi/lib/armv7e-m/fpu\libc.a(lib_a-impure.o)
                0x20000430                _impure_ptr
 .data.__malloc_av_
                0x20000434      0x408 c:/ac6/systemworkbench/plugins/fr.ac6.mcu.externaltools.arm-none.win32_1.7.0.201602121829/tools/compiler/bin/../lib/gcc/arm-none-eabi/5.2.1/../../../../arm-none-eabi/lib/armv7e-m/fpu\libc.a(lib_a-mallocr.o)
                0x20000434                __malloc_av_
 .data.__malloc_trim_threshold
                0x2000083c        0x4 c:/ac6/systemworkbench/plugins/fr.ac6.mcu.externaltools.arm-none.win32_1.7.0.201602121829/tools/compiler/bin/../lib/gcc/arm-none-eabi/5.2.1/../../../../arm-none-eabi/lib/armv7e-m/fpu\libc.a(lib_a-mallocr.o)
                0x2000083c                __malloc_trim_threshold
 .data.__malloc_sbrk_base
                0x20000840        0x4 c:/ac6/systemworkbench/plugins/fr.ac6.mcu.externaltools.arm-none.win32_1.7.0.201602121829/tools/compiler/bin/../lib/gcc/arm-none-eabi/5.2.1/../../../../arm-none-eabi/lib/armv7e-m/fpu\libc.a(lib_a-mallocr.o)
                0x20000840                __malloc_sbrk_base
                0x20000844                . = ALIGN (0x4)
                0x20000844                _edata = .

.jcr            0x20000844        0x0 load address 0x08002260
 .jcr           0x20000844        0x0 c:/ac6/systemworkbench/plugins/fr.ac6.mcu.externaltools.arm-none.win32_1.7.0.201602121829/tools/compiler/bin/../lib/gcc/arm-none-eabi/5.2.1/armv7e-m/fpu/crtbegin.o

.tm_clone_table
                0x20000844        0x0 load address 0x08002260
 .tm_clone_table
                0x20000844        0x0 c:/ac6/systemworkbench/plugins/fr.ac6.mcu.externaltools.arm-none.win32_1.7.0.201602121829/tools/compiler/bin/../lib/gcc/arm-none-eabi/5.2.1/armv7e-m/fpu/crtbegin.o
 .tm_clone_table
                0x20000844        0x0 c:/ac6/systemworkbench/plugins/fr.ac6.mcu.externaltools.arm-none.win32_1.7.0.201602121829/tools/compiler/bin/../lib/gcc/arm-none-eabi/5.2.1/armv7e-m/fpu/crtend.o

.igot.plt       0x20000844        0x0 load address 0x08002260
 .igot.plt      0x20000844        0x0 c:/ac6/systemworkbench/plugins/fr.ac6.mcu.externaltools.arm-none.win32_1.7.0.201602121829/tools/compiler/bin/../lib/gcc/arm-none-eabi/5.2.1/armv7e-m/fpu/crtbegin.o
                0x20000844                . = ALIGN (0x4)

.bss            0x20000844       0x9c load address 0x08002260
                0x20000844                _sbss = .
                0x20000844                __bss_start__ = _sbss
 *(.bss)
 .bss           0x20000844       0x1c c:/ac6/systemworkbench/plugins/fr.ac6.mcu.externaltools.arm-none.win32_1.7.0.201602121829/tools/compiler/bin/../lib/gcc/arm-none-eabi/5.2.1/armv7e-m/fpu/crtbegin.o
 .bss           0x20000860        0x4 src/syscalls.o
 .bss           0x20000864       0x28 src/tm_stm32f4_delay.o
                0x20000864                TM_TimingDelay
                0x20000868                TM_Time
                0x2000086c                TM_Time2
                0x20000870                TM_DELAY_Initialized
 .bss           0x2000088c       0x16 src/tm_stm32f4_gpio.o
 *(.bss*)
 *fill*         0x200008a2        0x2 
 .bss.__malloc_max_total_mem
                0x200008a4        0x4 c:/ac6/systemworkbench/plugins/fr.ac6.mcu.externaltools.arm-none.win32_1.7.0.201602121829/tools/compiler/bin/../lib/gcc/arm-none-eabi/5.2.1/../../../../arm-none-eabi/lib/armv7e-m/fpu\libc.a(lib_a-mallocr.o)
                0x200008a4                __malloc_max_total_mem
 .bss.__malloc_max_sbrked_mem
                0x200008a8        0x4 c:/ac6/systemworkbench/plugins/fr.ac6.mcu.externaltools.arm-none.win32_1.7.0.201602121829/tools/compiler/bin/../lib/gcc/arm-none-eabi/5.2.1/../../../../arm-none-eabi/lib/armv7e-m/fpu\libc.a(lib_a-mallocr.o)
                0x200008a8                __malloc_max_sbrked_mem
 .bss.__malloc_top_pad
                0x200008ac        0x4 c:/ac6/systemworkbench/plugins/fr.ac6.mcu.externaltools.arm-none.win32_1.7.0.201602121829/tools/compiler/bin/../lib/gcc/arm-none-eabi/5.2.1/../../../../arm-none-eabi/lib/armv7e-m/fpu\libc.a(lib_a-mallocr.o)
                0x200008ac                __malloc_top_pad
 .bss.__malloc_current_mallinfo
                0x200008b0       0x28 c:/ac6/systemworkbench/plugins/fr.ac6.mcu.externaltools.arm-none.win32_1.7.0.201602121829/tools/compiler/bin/../lib/gcc/arm-none-eabi/5.2.1/../../../../arm-none-eabi/lib/armv7e-m/fpu\libc.a(lib_a-mallocr.o)
                0x200008b0                __malloc_current_mallinfo
 *(COMMON)
 COMMON         0x200008d8        0x4 src/tm_stm32f4_delay.o
                0x200008d8                mult
 COMMON         0x200008dc        0x4 c:/ac6/systemworkbench/plugins/fr.ac6.mcu.externaltools.arm-none.win32_1.7.0.201602121829/tools/compiler/bin/../lib/gcc/arm-none-eabi/5.2.1/../../../../arm-none-eabi/lib/armv7e-m/fpu\libc.a(lib_a-reent.o)
                0x200008dc                errno
                0x200008e0                . = ALIGN (0x4)
                0x200008e0                _ebss = .
                0x200008e0                __bss_end__ = _ebss

._user_heap_stack
                0x200008e0      0x400 load address 0x08002260
                0x200008e0                . = ALIGN (0x8)
                0x200008e0                PROVIDE (end, .)
                [!provide]                PROVIDE (_end, .)
                0x200008e0                . = (. + _Min_Heap_Size)
                0x20000ce0                . = (. + _Min_Stack_Size)
 *fill*         0x200008e0      0x400 
                0x20000ce0                . = ALIGN (0x8)

/DISCARD/
 libc.a(*)
 libm.a(*)
 libgcc.a(*)

.ARM.attributes
                0x00000000       0x30
 *(.ARM.attributes)
 .ARM.attributes
                0x00000000       0x22 c:/ac6/systemworkbench/plugins/fr.ac6.mcu.externaltools.arm-none.win32_1.7.0.201602121829/tools/compiler/bin/../lib/gcc/arm-none-eabi/5.2.1/armv7e-m/fpu/crti.o
 .ARM.attributes
                0x00000022       0x34 c:/ac6/systemworkbench/plugins/fr.ac6.mcu.externaltools.arm-none.win32_1.7.0.201602121829/tools/compiler/bin/../lib/gcc/arm-none-eabi/5.2.1/armv7e-m/fpu/crtbegin.o
 .ARM.attributes
                0x00000056       0x39 StdPeriph_Driver/src/stm32f4xx_rcc.o
 .ARM.attributes
                0x0000008f       0x39 StdPeriph_Driver/src/stm32f4xx_spi.o
 .ARM.attributes
                0x000000c8       0x39 src/main.o
 .ARM.attributes
                0x00000101       0x39 src/syscalls.o
 .ARM.attributes
                0x0000013a       0x39 src/system_stm32f4xx.o
 .ARM.attributes
                0x00000173       0x39 src/tm_stm32f4_delay.o
 .ARM.attributes
                0x000001ac       0x39 src/tm_stm32f4_gpio.o
 .ARM.attributes
                0x000001e5       0x39 src/tm_stm32f4_mco_output.o
 .ARM.attributes
                0x0000021e       0x39 src/tm_stm32f4_spi.o
 .ARM.attributes
                0x00000257       0x25 startup/startup_stm32.o
 .ARM.attributes
                0x0000027c       0x34 c:/ac6/systemworkbench/plugins/fr.ac6.mcu.externaltools.arm-none.win32_1.7.0.201602121829/tools/compiler/bin/../lib/gcc/arm-none-eabi/5.2.1/../../../../arm-none-eabi/lib/armv7e-m/fpu\libc.a(lib_a-errno.o)
 .ARM.attributes
                0x000002b0       0x34 c:/ac6/systemworkbench/plugins/fr.ac6.mcu.externaltools.arm-none.win32_1.7.0.201602121829/tools/compiler/bin/../lib/gcc/arm-none-eabi/5.2.1/../../../../arm-none-eabi/lib/armv7e-m/fpu\libc.a(lib_a-impure.o)
 .ARM.attributes
                0x000002e4       0x34 c:/ac6/systemworkbench/plugins/fr.ac6.mcu.externaltools.arm-none.win32_1.7.0.201602121829/tools/compiler/bin/../lib/gcc/arm-none-eabi/5.2.1/../../../../arm-none-eabi/lib/armv7e-m/fpu\libc.a(lib_a-init.o)
 .ARM.attributes
                0x00000318       0x34 c:/ac6/systemworkbench/plugins/fr.ac6.mcu.externaltools.arm-none.win32_1.7.0.201602121829/tools/compiler/bin/../lib/gcc/arm-none-eabi/5.2.1/../../../../arm-none-eabi/lib/armv7e-m/fpu\libc.a(lib_a-malloc.o)
 .ARM.attributes
                0x0000034c       0x34 c:/ac6/systemworkbench/plugins/fr.ac6.mcu.externaltools.arm-none.win32_1.7.0.201602121829/tools/compiler/bin/../lib/gcc/arm-none-eabi/5.2.1/../../../../arm-none-eabi/lib/armv7e-m/fpu\libc.a(lib_a-mallocr.o)
 .ARM.attributes
                0x00000380       0x34 c:/ac6/systemworkbench/plugins/fr.ac6.mcu.externaltools.arm-none.win32_1.7.0.201602121829/tools/compiler/bin/../lib/gcc/arm-none-eabi/5.2.1/../../../../arm-none-eabi/lib/armv7e-m/fpu\libc.a(lib_a-mlock.o)
 .ARM.attributes
                0x000003b4       0x34 c:/ac6/systemworkbench/plugins/fr.ac6.mcu.externaltools.arm-none.win32_1.7.0.201602121829/tools/compiler/bin/../lib/gcc/arm-none-eabi/5.2.1/../../../../arm-none-eabi/lib/armv7e-m/fpu\libc.a(lib_a-sbrkr.o)
 .ARM.attributes
                0x000003e8       0x34 c:/ac6/systemworkbench/plugins/fr.ac6.mcu.externaltools.arm-none.win32_1.7.0.201602121829/tools/compiler/bin/../lib/gcc/arm-none-eabi/5.2.1/../../../../arm-none-eabi/lib/armv7e-m/fpu\libc.a(lib_a-__call_atexit.o)
 .ARM.attributes
                0x0000041c       0x34 c:/ac6/systemworkbench/plugins/fr.ac6.mcu.externaltools.arm-none.win32_1.7.0.201602121829/tools/compiler/bin/../lib/gcc/arm-none-eabi/5.2.1/../../../../arm-none-eabi/lib/armv7e-m/fpu\libc.a(lib_a-atexit.o)
 .ARM.attributes
                0x00000450       0x34 c:/ac6/systemworkbench/plugins/fr.ac6.mcu.externaltools.arm-none.win32_1.7.0.201602121829/tools/compiler/bin/../lib/gcc/arm-none-eabi/5.2.1/../../../../arm-none-eabi/lib/armv7e-m/fpu\libc.a(lib_a-fini.o)
 .ARM.attributes
                0x00000484       0x34 c:/ac6/systemworkbench/plugins/fr.ac6.mcu.externaltools.arm-none.win32_1.7.0.201602121829/tools/compiler/bin/../lib/gcc/arm-none-eabi/5.2.1/../../../../arm-none-eabi/lib/armv7e-m/fpu\libc.a(lib_a-freer.o)
 .ARM.attributes
                0x000004b8       0x34 c:/ac6/systemworkbench/plugins/fr.ac6.mcu.externaltools.arm-none.win32_1.7.0.201602121829/tools/compiler/bin/../lib/gcc/arm-none-eabi/5.2.1/../../../../arm-none-eabi/lib/armv7e-m/fpu\libc.a(lib_a-reent.o)
 .ARM.attributes
                0x000004ec       0x34 c:/ac6/systemworkbench/plugins/fr.ac6.mcu.externaltools.arm-none.win32_1.7.0.201602121829/tools/compiler/bin/../lib/gcc/arm-none-eabi/5.2.1/../../../../arm-none-eabi/lib/armv7e-m/fpu\libc.a(lib_a-__atexit.o)
 .ARM.attributes
                0x00000520       0x34 c:/ac6/systemworkbench/plugins/fr.ac6.mcu.externaltools.arm-none.win32_1.7.0.201602121829/tools/compiler/bin/../lib/gcc/arm-none-eabi/5.2.1/armv7e-m/fpu/crtend.o
 .ARM.attributes
                0x00000554       0x22 c:/ac6/systemworkbench/plugins/fr.ac6.mcu.externaltools.arm-none.win32_1.7.0.201602121829/tools/compiler/bin/../lib/gcc/arm-none-eabi/5.2.1/armv7e-m/fpu/crtn.o
OUTPUT(SPI_test.elf elf32-littlearm)

.debug_info     0x00000000     0x4a28
 .debug_info    0x00000000      0xd5c StdPeriph_Driver/src/stm32f4xx_rcc.o
 .debug_info    0x00000d5c      0xb4b StdPeriph_Driver/src/stm32f4xx_spi.o
 .debug_info    0x000018a7      0x485 src/main.o
 .debug_info    0x00001d2c      0x6d7 src/syscalls.o
 .debug_info    0x00002403      0x4f7 src/system_stm32f4xx.o
 .debug_info    0x000028fa      0x988 src/tm_stm32f4_delay.o
 .debug_info    0x00003282      0x869 src/tm_stm32f4_gpio.o
 .debug_info    0x00003aeb      0x36d src/tm_stm32f4_mco_output.o
 .debug_info    0x00003e58      0xb43 src/tm_stm32f4_spi.o
 .debug_info    0x0000499b       0x8d startup/startup_stm32.o

.debug_abbrev   0x00000000      0xe04
 .debug_abbrev  0x00000000      0x1c1 StdPeriph_Driver/src/stm32f4xx_rcc.o
 .debug_abbrev  0x000001c1      0x16e StdPeriph_Driver/src/stm32f4xx_spi.o
 .debug_abbrev  0x0000032f      0x142 src/main.o
 .debug_abbrev  0x00000471      0x166 src/syscalls.o
 .debug_abbrev  0x000005d7      0x104 src/system_stm32f4xx.o
 .debug_abbrev  0x000006db      0x2c3 src/tm_stm32f4_delay.o
 .debug_abbrev  0x0000099e      0x156 src/tm_stm32f4_gpio.o
 .debug_abbrev  0x00000af4      0x113 src/tm_stm32f4_mco_output.o
 .debug_abbrev  0x00000c07      0x1eb src/tm_stm32f4_spi.o
 .debug_abbrev  0x00000df2       0x12 startup/startup_stm32.o

.debug_aranges  0x00000000      0x5a8
 .debug_aranges
                0x00000000      0x198 StdPeriph_Driver/src/stm32f4xx_rcc.o
 .debug_aranges
                0x00000198       0xe0 StdPeriph_Driver/src/stm32f4xx_spi.o
 .debug_aranges
                0x00000278       0x28 src/main.o
 .debug_aranges
                0x000002a0       0xb8 src/syscalls.o
 .debug_aranges
                0x00000358       0x28 src/system_stm32f4xx.o
 .debug_aranges
                0x00000380       0x80 src/tm_stm32f4_delay.o
 .debug_aranges
                0x00000400       0x98 src/tm_stm32f4_gpio.o
 .debug_aranges
                0x00000498       0x38 src/tm_stm32f4_mco_output.o
 .debug_aranges
                0x000004d0       0xb0 src/tm_stm32f4_spi.o
 .debug_aranges
                0x00000580       0x28 startup/startup_stm32.o

.debug_ranges   0x00000000      0x510
 .debug_ranges  0x00000000      0x188 StdPeriph_Driver/src/stm32f4xx_rcc.o
 .debug_ranges  0x00000188       0xd0 StdPeriph_Driver/src/stm32f4xx_spi.o
 .debug_ranges  0x00000258       0x18 src/main.o
 .debug_ranges  0x00000270       0xa8 src/syscalls.o
 .debug_ranges  0x00000318       0x18 src/system_stm32f4xx.o
 .debug_ranges  0x00000330       0x70 src/tm_stm32f4_delay.o
 .debug_ranges  0x000003a0       0x88 src/tm_stm32f4_gpio.o
 .debug_ranges  0x00000428       0x28 src/tm_stm32f4_mco_output.o
 .debug_ranges  0x00000450       0xa0 src/tm_stm32f4_spi.o
 .debug_ranges  0x000004f0       0x20 startup/startup_stm32.o

.debug_macro    0x00000000     0x2c23
 .debug_macro   0x00000000      0x24f StdPeriph_Driver/src/stm32f4xx_rcc.o
 .debug_macro   0x0000024f      0x635 StdPeriph_Driver/src/stm32f4xx_rcc.o
 .debug_macro   0x00000884      0x1ac StdPeriph_Driver/src/stm32f4xx_spi.o
 .debug_macro   0x00000a30      0x366 StdPeriph_Driver/src/stm32f4xx_spi.o
 .debug_macro   0x00000d96      0x2a4 src/main.o
 .debug_macro   0x0000103a      0x217 src/syscalls.o
 .debug_macro   0x00001251       0x4a src/syscalls.o
 .debug_macro   0x0000129b      0x174 src/syscalls.o
 .debug_macro   0x0000140f       0x22 src/syscalls.o
 .debug_macro   0x00001431       0x3a src/syscalls.o
 .debug_macro   0x0000146b       0x10 src/syscalls.o
 .debug_macro   0x0000147b       0x40 src/syscalls.o
 .debug_macro   0x000014bb       0x65 src/syscalls.o
 .debug_macro   0x00001520       0x10 src/syscalls.o
 .debug_macro   0x00001530       0x35 src/syscalls.o
 .debug_macro   0x00001565       0x10 src/syscalls.o
 .debug_macro   0x00001575       0x41 src/syscalls.o
 .debug_macro   0x000015b6      0x122 src/syscalls.o
 .debug_macro   0x000016d8      0x1cd src/syscalls.o
 .debug_macro   0x000018a5       0x10 src/syscalls.o
 .debug_macro   0x000018b5       0x1c src/syscalls.o
 .debug_macro   0x000018d1       0x10 src/syscalls.o
 .debug_macro   0x000018e1       0x16 src/syscalls.o
 .debug_macro   0x000018f7      0x197 src/syscalls.o
 .debug_macro   0x00001a8e       0x16 src/syscalls.o
 .debug_macro   0x00001aa4       0x88 src/syscalls.o
 .debug_macro   0x00001b2c      0x241 src/syscalls.o
 .debug_macro   0x00001d6d       0x16 src/syscalls.o
 .debug_macro   0x00001d83       0x16 src/syscalls.o
 .debug_macro   0x00001d99      0x4f7 src/syscalls.o
 .debug_macro   0x00002290       0x3a src/syscalls.o
 .debug_macro   0x000022ca      0x178 src/system_stm32f4xx.o
 .debug_macro   0x00002442      0x25c src/tm_stm32f4_delay.o
 .debug_macro   0x0000269e      0x18f src/tm_stm32f4_gpio.o
 .debug_macro   0x0000282d       0xa9 src/tm_stm32f4_gpio.o
 .debug_macro   0x000028d6      0x19d src/tm_stm32f4_mco_output.o
 .debug_macro   0x00002a73      0x1b0 src/tm_stm32f4_spi.o

.debug_line     0x00000000     0x46c0
 .debug_line    0x00000000      0xa20 StdPeriph_Driver/src/stm32f4xx_rcc.o
 .debug_line    0x00000a20      0x899 StdPeriph_Driver/src/stm32f4xx_spi.o
 .debug_line    0x000012b9      0x771 src/main.o
 .debug_line    0x00001a2a      0x5aa src/syscalls.o
 .debug_line    0x00001fd4      0x637 src/system_stm32f4xx.o
 .debug_line    0x0000260b      0x85d src/tm_stm32f4_delay.o
 .debug_line    0x00002e68      0x7e8 src/tm_stm32f4_gpio.o
 .debug_line    0x00003650      0x6ae src/tm_stm32f4_mco_output.o
 .debug_line    0x00003cfe      0x949 src/tm_stm32f4_spi.o
 .debug_line    0x00004647       0x79 startup/startup_stm32.o

.debug_str      0x00000000    0x59496
 .debug_str     0x00000000    0x5142f StdPeriph_Driver/src/stm32f4xx_rcc.o
                              0x5162e (size before relaxing)
 .debug_str     0x0005142f      0x3cd StdPeriph_Driver/src/stm32f4xx_spi.o
                              0x50eb8 (size before relaxing)
 .debug_str     0x000517fc     0x3e53 src/main.o
                              0x54837 (size before relaxing)
 .debug_str     0x0005564f     0x324d src/syscalls.o
                               0x8457 (size before relaxing)
 .debug_str     0x0005889c       0xb2 src/system_stm32f4xx.o
                              0x50aaa (size before relaxing)
 .debug_str     0x0005894e      0x5f8 src/tm_stm32f4_delay.o
                              0x53b54 (size before relaxing)
 .debug_str     0x00058f46      0x1f9 src/tm_stm32f4_gpio.o
                              0x5119c (size before relaxing)
 .debug_str     0x0005913f      0x129 src/tm_stm32f4_mco_output.o
                              0x510b8 (size before relaxing)
 .debug_str     0x00059268      0x22e src/tm_stm32f4_spi.o
                              0x5194d (size before relaxing)

.comment        0x00000000       0x6e
 .comment       0x00000000       0x6e StdPeriph_Driver/src/stm32f4xx_rcc.o
                                 0x6f (size before relaxing)
 .comment       0x0000006e       0x6f StdPeriph_Driver/src/stm32f4xx_spi.o
 .comment       0x0000006e       0x6f src/main.o
 .comment       0x0000006e       0x6f src/syscalls.o
 .comment       0x0000006e       0x6f src/system_stm32f4xx.o
 .comment       0x0000006e       0x6f src/tm_stm32f4_delay.o
 .comment       0x0000006e       0x6f src/tm_stm32f4_gpio.o
 .comment       0x0000006e       0x6f src/tm_stm32f4_mco_output.o
 .comment       0x0000006e       0x6f src/tm_stm32f4_spi.o

.debug_frame    0x00000000     0x19d0
 .debug_frame   0x00000000      0x774 StdPeriph_Driver/src/stm32f4xx_rcc.o
 .debug_frame   0x00000774      0x3f4 StdPeriph_Driver/src/stm32f4xx_spi.o
 .debug_frame   0x00000b68       0x58 src/main.o
 .debug_frame   0x00000bc0      0x2fc src/syscalls.o
 .debug_frame   0x00000ebc       0x58 src/system_stm32f4xx.o
 .debug_frame   0x00000f14      0x1ec src/tm_stm32f4_delay.o
 .debug_frame   0x00001100      0x274 src/tm_stm32f4_gpio.o
 .debug_frame   0x00001374       0xa0 src/tm_stm32f4_mco_output.o
 .debug_frame   0x00001414      0x2e8 src/tm_stm32f4_spi.o
 .debug_frame   0x000016fc       0x20 c:/ac6/systemworkbench/plugins/fr.ac6.mcu.externaltools.arm-none.win32_1.7.0.201602121829/tools/compiler/bin/../lib/gcc/arm-none-eabi/5.2.1/../../../../arm-none-eabi/lib/armv7e-m/fpu\libc.a(lib_a-errno.o)
 .debug_frame   0x0000171c       0x2c c:/ac6/systemworkbench/plugins/fr.ac6.mcu.externaltools.arm-none.win32_1.7.0.201602121829/tools/compiler/bin/../lib/gcc/arm-none-eabi/5.2.1/../../../../arm-none-eabi/lib/armv7e-m/fpu\libc.a(lib_a-init.o)
 .debug_frame   0x00001748       0x30 c:/ac6/systemworkbench/plugins/fr.ac6.mcu.externaltools.arm-none.win32_1.7.0.201602121829/tools/compiler/bin/../lib/gcc/arm-none-eabi/5.2.1/../../../../arm-none-eabi/lib/armv7e-m/fpu\libc.a(lib_a-malloc.o)
 .debug_frame   0x00001778       0x58 c:/ac6/systemworkbench/plugins/fr.ac6.mcu.externaltools.arm-none.win32_1.7.0.201602121829/tools/compiler/bin/../lib/gcc/arm-none-eabi/5.2.1/../../../../arm-none-eabi/lib/armv7e-m/fpu\libc.a(lib_a-mallocr.o)
 .debug_frame   0x000017d0       0x30 c:/ac6/systemworkbench/plugins/fr.ac6.mcu.externaltools.arm-none.win32_1.7.0.201602121829/tools/compiler/bin/../lib/gcc/arm-none-eabi/5.2.1/../../../../arm-none-eabi/lib/armv7e-m/fpu\libc.a(lib_a-mlock.o)
 .debug_frame   0x00001800       0x2c c:/ac6/systemworkbench/plugins/fr.ac6.mcu.externaltools.arm-none.win32_1.7.0.201602121829/tools/compiler/bin/../lib/gcc/arm-none-eabi/5.2.1/../../../../arm-none-eabi/lib/armv7e-m/fpu\libc.a(lib_a-sbrkr.o)
 .debug_frame   0x0000182c       0x50 c:/ac6/systemworkbench/plugins/fr.ac6.mcu.externaltools.arm-none.win32_1.7.0.201602121829/tools/compiler/bin/../lib/gcc/arm-none-eabi/5.2.1/../../../../arm-none-eabi/lib/armv7e-m/fpu\libc.a(lib_a-__call_atexit.o)
 .debug_frame   0x0000187c       0x20 c:/ac6/systemworkbench/plugins/fr.ac6.mcu.externaltools.arm-none.win32_1.7.0.201602121829/tools/compiler/bin/../lib/gcc/arm-none-eabi/5.2.1/../../../../arm-none-eabi/lib/armv7e-m/fpu\libc.a(lib_a-atexit.o)
 .debug_frame   0x0000189c       0x34 c:/ac6/systemworkbench/plugins/fr.ac6.mcu.externaltools.arm-none.win32_1.7.0.201602121829/tools/compiler/bin/../lib/gcc/arm-none-eabi/5.2.1/../../../../arm-none-eabi/lib/armv7e-m/fpu\libc.a(lib_a-fini.o)
 .debug_frame   0x000018d0       0x74 c:/ac6/systemworkbench/plugins/fr.ac6.mcu.externaltools.arm-none.win32_1.7.0.201602121829/tools/compiler/bin/../lib/gcc/arm-none-eabi/5.2.1/../../../../arm-none-eabi/lib/armv7e-m/fpu\libc.a(lib_a-freer.o)
 .debug_frame   0x00001944       0x58 c:/ac6/systemworkbench/plugins/fr.ac6.mcu.externaltools.arm-none.win32_1.7.0.201602121829/tools/compiler/bin/../lib/gcc/arm-none-eabi/5.2.1/../../../../arm-none-eabi/lib/armv7e-m/fpu\libc.a(lib_a-reent.o)
 .debug_frame   0x0000199c       0x34 c:/ac6/systemworkbench/plugins/fr.ac6.mcu.externaltools.arm-none.win32_1.7.0.201602121829/tools/compiler/bin/../lib/gcc/arm-none-eabi/5.2.1/../../../../arm-none-eabi/lib/armv7e-m/fpu\libc.a(lib_a-__atexit.o)
